2026-10-10T20:08:38Z START [first]
2026-10-10T20:10:32Z END   [first] rc=1 114s
2026-10-10T20:12:11Z START [measure2]
2026-10-10T20:12:38Z END   [measure2] rc=0 27s
2026-10-10T20:12:45Z START [measure3]
2026-10-10T20:13:07Z END   [measure3] rc=0 22s
2026-10-10T20:13:13Z START [first2]
2026-10-10T20:14:14Z END   [first2] rc=1 61s
2026-10-10T20:14:23Z START [first3]
2026-10-10T20:15:51Z END   [first3] rc=0 88s
2026-10-10T20:21:33Z START [harness1]
2026-10-10T20:21:37Z END   [harness1] rc=0 4s
2026-10-10T20:21:42Z START [r1]
2026-10-10T20:22:39Z END   [r1] rc=0 57s
2026-10-10T20:26:04Z START [harness2]
2026-10-10T20:26:07Z END   [harness2] rc=0 3s
2026-10-10T20:26:07Z START [r2]
2026-10-10T20:27:03Z END   [r2] rc=0 56s
2026-10-10T20:28:45Z START [r3]
2026-10-10T20:29:42Z END   [r3] rc=0 57s
2026-10-10T20:30:41Z START [r4]
2026-10-10T20:31:37Z END   [r4] rc=0 56s
2026-10-10T20:33:05Z START [r5]
2026-10-10T20:34:00Z END   [r5] rc=0 55s
2026-10-10T20:34:54Z START [r6]
2026-10-10T20:35:50Z END   [r6] rc=0 56s
2026-10-10T20:36:43Z START [r7]
2026-10-10T20:37:38Z END   [r7] rc=0 55s
2026-10-10T20:38:19Z START [harness3]
2026-10-10T20:38:22Z END   [harness3] rc=0 3s
2026-10-10T20:38:22Z START [r8]
2026-10-10T20:39:16Z END   [r8] rc=0 54s
2026-10-10T20:39:42Z START [r9]
2026-10-10T20:40:37Z END   [r9] rc=0 55s
2026-10-10T20:41:41Z START [r10]
2026-10-10T20:42:36Z END   [r10] rc=0 55s
2026-10-10T20:43:08Z START [sync-poll]
2026-10-10T20:43:10Z END   [sync-poll] rc=0 2s
2026-10-10T20:43:15Z START [served]
2026-10-10T20:45:11Z END   [served] rc=0 116s
