2026-10-11T03:05:46Z START [first]
2026-10-11T03:07:23Z END   [first] rc=0 97s
2026-10-11T03:09:52Z START [first-redo]
2026-10-11T03:10:59Z END   [first-redo] rc=0 67s
2026-10-11T03:13:37Z START [harness1]
2026-10-11T03:13:48Z END   [harness1] rc=0 11s
2026-10-11T03:13:52Z START [r1]
2026-10-11T03:14:20Z END   [r1] rc=0 28s
2026-10-11T03:15:26Z START [harness2]
2026-10-11T03:15:36Z END   [harness2] rc=0 10s
2026-10-11T03:15:36Z START [r2]
2026-10-11T03:16:02Z END   [r2] rc=0 26s
2026-10-11T03:21:45Z START [r3]
2026-10-11T03:22:11Z END   [r3] rc=0 26s
2026-10-11T03:27:57Z START [harness3]
2026-10-11T03:28:07Z END   [harness3] rc=0 10s
2026-10-11T03:28:07Z START [r4]
2026-10-11T03:28:33Z END   [r4] rc=0 26s
2026-10-11T03:28:52Z START [da-put]
2026-10-11T03:28:57Z END   [da-put] rc=0 5s
2026-10-11T03:29:02Z START [sync-poll]
2026-10-11T03:29:03Z END   [sync-poll] rc=0 1s
2026-10-11T03:29:16Z START [served]
2026-10-11T03:30:48Z END   [served] rc=0 92s
