2026-10-11T00:22:56Z START [first]
2026-10-11T00:26:13Z END   [first] rc=0 197s
2026-10-11T00:27:16Z START [first-retriage]
2026-10-11T00:28:27Z END   [first-retriage] rc=0 71s
2026-10-11T00:32:56Z START [r1]
2026-10-11T00:34:00Z END   [r1] rc=0 64s
2026-10-11T00:34:57Z START [harness1]
2026-10-11T00:35:00Z END   [harness1] rc=0 3s
2026-10-11T00:35:12Z START [r2]
2026-10-11T00:36:16Z END   [r2] rc=0 64s
2026-10-11T00:36:58Z START [r3]
2026-10-11T00:38:02Z END   [r3] rc=0 64s
2026-10-11T00:39:04Z START [r4]
2026-10-11T00:39:59Z END   [r4] rc=0 55s
2026-10-11T00:40:24Z START [da-put]
2026-10-11T00:40:29Z END   [da-put] rc=0 5s
2026-10-11T00:40:31Z START [sync-poll]
2026-10-11T00:40:31Z END   [sync-poll] rc=0 0s
2026-10-11T00:40:36Z START [served]
2026-10-11T00:42:10Z END   [served] rc=0 94s
2026-10-11T00:42:39Z START [leak]
2026-10-11T00:43:06Z END   [leak] rc=0 27s
