2026-10-11T01:55:17Z START [first]
2026-10-11T01:56:36Z END   [first] rc=0 79s
2026-10-11T02:02:51Z START [first-sections]
2026-10-11T02:04:07Z END   [first-sections] rc=0 76s
2026-10-11T02:07:07Z START [harness1]
2026-10-11T02:07:08Z END   [harness1] rc=3 1s
2026-10-11T02:07:17Z START [harness1b]
2026-10-11T02:07:19Z END   [harness1b] rc=0 2s
2026-10-11T02:07:24Z START [r1]
2026-10-11T02:07:52Z END   [r1] rc=0 28s
2026-10-11T02:09:16Z START [r2]
2026-10-11T02:09:44Z END   [r2] rc=0 28s
2026-10-11T02:10:17Z START [harness2]
2026-10-11T02:10:20Z END   [harness2] rc=0 3s
2026-10-11T02:10:20Z START [r3]
2026-10-11T02:10:47Z END   [r3] rc=0 27s
2026-10-11T02:11:56Z START [r4]
2026-10-11T02:12:24Z END   [r4] rc=0 28s
2026-10-11T02:12:51Z START [sync]
2026-10-11T02:12:52Z END   [sync] rc=0 1s
2026-10-11T02:13:02Z START [served]
2026-10-11T02:14:37Z END   [served] rc=0 95s
2026-10-11T02:14:54Z START [harness3]
2026-10-11T02:14:56Z END   [harness3] rc=0 2s
2026-10-11T02:15:13Z START [served2]
2026-10-11T02:16:59Z END   [served2] rc=0 106s
