2026-10-11T02:22:42Z START [first]
2026-10-11T02:24:16Z END   [first] rc=0 94s
2026-10-11T02:25:40Z START [first-sections]
2026-10-11T02:27:05Z END   [first-sections] rc=0 85s
2026-10-11T02:40:01Z START [harness1]
2026-10-11T02:40:05Z END   [harness1] rc=0 4s
2026-10-11T02:40:09Z START [r1]
2026-10-11T02:40:35Z END   [r1] rc=0 26s
2026-10-11T02:40:55Z START [da-put-media]
2026-10-11T02:41:38Z END   [da-put-media] rc=2 43s
2026-10-11T02:41:44Z START [harness2]
2026-10-11T02:41:57Z END   [harness2] rc=0 13s
2026-10-11T02:42:02Z START [r2]
2026-10-11T02:42:36Z END   [r2] rc=0 34s
2026-10-11T02:43:34Z START [r3]
2026-10-11T02:44:09Z END   [r3] rc=0 35s
2026-10-11T02:44:30Z START [r4]
2026-10-11T02:45:04Z END   [r4] rc=0 34s
2026-10-11T02:45:45Z START [r5]
2026-10-11T02:46:19Z END   [r5] rc=0 34s
2026-10-11T02:46:50Z START [r6]
2026-10-11T02:47:24Z END   [r6] rc=0 34s
2026-10-11T02:48:03Z START [r7]
2026-10-11T02:48:37Z END   [r7] rc=0 34s
2026-10-11T02:49:06Z START [harness3]
2026-10-11T02:49:14Z END   [harness3] rc=0 8s
2026-10-11T02:49:14Z START [r8]
2026-10-11T02:49:54Z END   [r8] rc=0 40s
2026-10-11T02:50:02Z START [harness4]
2026-10-11T02:50:09Z END   [harness4] rc=0 7s
2026-10-11T02:50:09Z START [r9]
2026-10-11T02:50:43Z END   [r9] rc=0 34s
2026-10-11T02:51:58Z START [sync-poll]
2026-10-11T02:52:11Z END   [sync-poll] rc=0 13s
2026-10-11T02:52:15Z START [served]
2026-10-11T02:53:53Z END   [served] rc=0 98s
