2026-10-11T01:17:05Z START [first]
2026-10-11T01:18:51Z END   [first] rc=0 106s
2026-10-11T01:19:23Z START [first-sections]
2026-10-11T01:20:34Z END   [first-sections] rc=0 71s
2026-10-11T01:21:21Z START [first-main]
2026-10-11T01:22:17Z END   [first-main] rc=0 56s
2026-10-11T01:26:20Z START [r1]
2026-10-11T01:26:48Z END   [r1] rc=0 28s
2026-10-11T01:28:53Z START [r2]
2026-10-11T01:29:29Z END   [r2] rc=0 36s
2026-10-11T01:30:32Z START [r3]
2026-10-11T01:31:08Z END   [r3] rc=0 36s
2026-10-11T01:32:17Z START [r4]
2026-10-11T01:32:53Z END   [r4] rc=0 36s
2026-10-11T01:33:20Z START [r5]
2026-10-11T01:33:45Z END   [r5] rc=0 25s
2026-10-11T01:34:23Z START [r6]
2026-10-11T01:34:49Z END   [r6] rc=0 26s
2026-10-11T01:35:32Z START [r7]
2026-10-11T01:35:57Z END   [r7] rc=0 25s
2026-10-11T01:36:38Z START [r8]
2026-10-11T01:37:04Z END   [r8] rc=0 26s
2026-10-11T01:38:07Z START [r9]
2026-10-11T01:38:33Z END   [r9] rc=0 26s
2026-10-11T01:38:57Z START [r10]
2026-10-11T01:39:23Z END   [r10] rc=0 26s
2026-10-11T01:40:36Z START [r11]
2026-10-11T01:41:02Z END   [r11] rc=0 26s
2026-10-11T01:43:26Z START [r12]
2026-10-11T01:43:52Z END   [r12] rc=0 26s
2026-10-11T01:44:27Z START [da-put]
2026-10-11T01:44:32Z END   [da-put] rc=0 5s
2026-10-11T01:44:32Z START [sync-poll]
2026-10-11T01:44:33Z END   [sync-poll] rc=0 1s
2026-10-11T01:44:38Z START [served]
2026-10-11T01:46:17Z END   [served] rc=0 99s
