2026-10-11T04:28:21Z START [first]
2026-10-11T04:29:40Z END   [first] rc=0 79s
2026-10-11T04:36:57Z START [harness1]
2026-10-11T04:37:09Z END   [harness1] rc=0 12s
2026-10-11T04:37:15Z START [r1]
2026-10-11T04:37:39Z END   [r1] rc=0 24s
2026-10-11T04:38:55Z START [harness2]
2026-10-11T04:39:06Z END   [harness2] rc=0 11s
2026-10-11T04:39:06Z START [r2]
2026-10-11T04:39:30Z END   [r2] rc=0 24s
2026-10-11T04:40:59Z START [r3]
2026-10-11T04:41:24Z END   [r3] rc=0 25s
2026-10-11T04:42:12Z START [r4]
2026-10-11T04:42:37Z END   [r4] rc=0 25s
2026-10-11T04:43:05Z START [r5]
2026-10-11T04:43:29Z END   [r5] rc=0 24s
2026-10-11T04:43:58Z START [r6]
2026-10-11T04:44:22Z END   [r6] rc=0 24s
2026-10-11T04:44:42Z START [da-put]
2026-10-11T04:44:46Z END   [da-put] rc=0 4s
2026-10-11T04:45:00Z START [sync-poll]
2026-10-11T04:45:03Z END   [sync-poll] rc=0 3s
2026-10-11T04:45:08Z START [served]
2026-10-11T04:46:36Z END   [served] rc=0 88s
