2026-10-10T21:35:29Z START [first]
2026-10-10T21:38:24Z END   [first] rc=0 175s
2026-10-10T21:39:05Z START [first-2]
2026-10-10T21:42:02Z END   [first-2] rc=0 177s
2026-10-10T21:42:19Z START [first-3]
2026-10-10T21:45:03Z END   [first-3] rc=0 164s
2026-10-10T21:54:51Z START [harness-1]
2026-10-10T21:54:55Z END   [harness-1] rc=0 4s
2026-10-10T21:54:59Z START [r1]
2026-10-10T21:56:08Z END   [r1] rc=0 69s
2026-10-10T21:56:51Z START [video-frame]
2026-10-10T21:57:33Z END   [video-frame] rc=0 42s
2026-10-10T21:58:05Z START [hero-frames]
2026-10-10T21:58:26Z END   [hero-frames] rc=0 21s
2026-10-10T21:58:42Z START [hero-frames-2]
2026-10-10T21:58:58Z END   [hero-frames-2] rc=0 16s
2026-10-10T21:59:08Z START [hero-frames-3]
2026-10-10T21:59:20Z END   [hero-frames-3] rc=0 12s
2026-10-10T22:00:16Z START [harness-2]
2026-10-10T22:00:20Z END   [harness-2] rc=0 4s
2026-10-10T22:00:20Z START [r2]
2026-10-10T22:01:28Z END   [r2] rc=0 68s
2026-10-10T22:01:57Z START [hero-frames-2560]
2026-10-10T22:02:11Z START [harness-3]
2026-10-10T22:02:14Z END   [harness-3] rc=0 3s
2026-10-10T22:02:23Z END   [hero-frames-2560] rc=0 26s
2026-10-10T22:03:26Z START [r3]
2026-10-10T22:04:35Z END   [r3] rc=0 69s
2026-10-10T22:06:55Z START [harness-4]
2026-10-10T22:06:58Z END   [harness-4] rc=0 3s
2026-10-10T22:06:58Z START [r4]
2026-10-10T22:08:05Z END   [r4] rc=0 67s
2026-10-10T22:08:31Z START [sync-poll]
2026-10-10T22:08:44Z END   [sync-poll] rc=0 13s
2026-10-10T22:08:49Z START [served]
2026-10-10T22:10:35Z END   [served] rc=0 106s
